[Licensing::Module] Trying to connect to existing licensing client channel...
Built from '6000.2/respin/6000.2.7f1-2eb0c79396db' branch; Version is '6000.2.7f2 (2b518236b676) revision 2838914'; Using compiler version '194234433'; Build Type 'Release'
[Licensing::IpcConnector] Successfully connected to: "LicenseClient-moris" at "2026-05-20T15:43:55.4289045Z"
OS: 'Windows 11  (10.0.26200) 64bit Core' Language: 'ja' Physical Memory: 65373 MB
BatchMode: 1, IsHumanControllingUs: 0, StartBugReporterOnCrash: 0, Is64bit: 1
Date: 2026-05-20T15:43:55Z

COMMAND LINE ARGUMENTS:
D:\経営シミュ\6000.2.7f2\Editor\Unity.exe
-adb2
-batchMode
-noUpm
-name
AssetImportWorker2
-projectPath
D:/経営シミュ/GitHub/MIS_Repository
-logFile
Logs/AssetImportWorker2.log
-srvPort
53944
-job-worker-count
7
-background-job-worker-count
8
-gc-helper-count
1
-name
AssetImport
Successfully changed project path to: D:/経営シミュ/GitHub/MIS_Repository
D:/経営シミュ/GitHub/MIS_Repository
[UnityMemory] Configuration Parameters - Can be set up in boot.config
    "memorysetup-allocator-temp-initial-block-size-main=262144"
    "memorysetup-allocator-temp-initial-block-size-worker=262144"
    "memorysetup-bucket-allocator-granularity=16"
    "memorysetup-bucket-allocator-bucket-count=8"
    "memorysetup-bucket-allocator-block-size=33554432"
    "memorysetup-bucket-allocator-block-count=8"
    "memorysetup-main-allocator-block-size=16777216"
    "memorysetup-thread-allocator-block-size=16777216"
    "memorysetup-gfx-main-allocator-block-size=16777216"
    "memorysetup-gfx-thread-allocator-block-size=16777216"
    "memorysetup-cache-allocator-block-size=4194304"
    "memorysetup-typetree-allocator-block-size=2097152"
    "memorysetup-profiler-bucket-allocator-granularity=16"
    "memorysetup-profiler-bucket-allocator-bucket-count=8"
    "memorysetup-profiler-bucket-allocator-block-size=33554432"
    "memorysetup-profiler-bucket-allocator-block-count=8"
    "memorysetup-profiler-allocator-block-size=16777216"
    "memorysetup-profiler-editor-allocator-block-size=1048576"
    "memorysetup-temp-allocator-size-main=16777216"
    "memorysetup-job-temp-allocator-block-size=2097152"
    "memorysetup-job-temp-allocator-block-size-background=1048576"
    "memorysetup-job-temp-allocator-reduction-small-platforms=262144"
    "memorysetup-temp-allocator-size-background-worker=32768"
    "memorysetup-temp-allocator-size-job-worker=262144"
    "memorysetup-temp-allocator-size-preload-manager=33554432"
    "memorysetup-temp-allocator-size-nav-mesh-worker=65536"
    "memorysetup-temp-allocator-size-audio-worker=65536"
    "memorysetup-temp-allocator-size-cloud-worker=32768"
    "memorysetup-temp-allocator-size-gi-baking-worker=262144"
    "memorysetup-temp-allocator-size-gi-baking-worker=262144"
    "memorysetup-temp-allocator-size-gi-baking-worker=262144"
    "memorysetup-temp-allocator-size-gi-baking-worker=262144"
    "memorysetup-temp-allocator-size-gi-baking-worker=262144"
    "memorysetup-temp-allocator-size-gfx=262144"
Player connection [576]  Target information:

Player connection [576]  * "[IP] 192.168.0.59 [Port] 0 [Flags] 2 [Guid] 2960002006 [EditorId] 2960002006 [Version] 1048832 [Id] WindowsEditor(7,DESKTOP-SUQIS49) [Debug] 1 [PackageName] WindowsEditor [ProjectName] Editor" 

Player connection [576] Host joined multi-casting on [225.0.0.222:54997]...
Player connection [576] Host joined alternative multi-casting on [225.0.0.222:34997]...
JobSystem: Creating JobQueue using job-worker-count value 7
Input System module state changed to: Initialized.
[Physics::Module] Initialized fallback backend.
[Physics::Module] Id: 0xdecafbad
[Licensing::Client] Code 10 while verifying Licensing Client signature (process Id: 34932, path: "D:/経営シミュ/6000.2.7f2/Editor/Data/Resources/Licensing/Client/Unity.Licensing.Client.exe")
[Licensing::Module] LicensingClient has failed validation; ignoring
[Licensing::Client] Handshaking with LicensingClient:
  Version:                 1.17.2+ff71f16
  Session Id:              c8b57c9dffa9458fb1e43e1353787163
  Correlation Id:          434385bdf14cf787fcbf175a1100f5e1
  External correlation Id: 4308077807562114923
  Machine Id:              RFOmPlA+sDzqkimQO28GYyIBqLs=
[Licensing::Module] Successfully connected to LicensingClient on channel: "LicenseClient-moris" (connect: 0.00s, validation: 0.00s, handshake: 0.10s)
[Licensing::IpcConnector] Successfully connected to: "LicenseClient-moris-notifications" at "2026-05-20T15:43:55.5311905Z"
[Licensing::Module] Licensing Background thread has ended after 0.10s
Library Redirect Path: Library/
[Physics::Module] Selected backend.
[Physics::Module] Name: PhysX
[Physics::Module] Id: 0xf2b8ea05
[Physics::Module] SDK Version: 4.1.2
[Physics::Module] Integration Version: 1.0.0
[Physics::Module] Threading Mode: Multi-Threaded
Refreshing native plugins compatible for Editor in 0.00 ms, found 0 plugins.
Preloading 0 native plugins for Editor in 0.00 ms.
Initialize engine version: 6000.2.7f2 (2b518236b676)
[Subsystems] Discovering subsystems at path D:/経営シミュ/6000.2.7f2/Editor/Data/Resources/UnitySubsystems
[Subsystems] Discovering subsystems at path D:/経営シミュ/GitHub/MIS_Repository/Assets
GfxDevice: creating device client; kGfxThreadingModeNonThreaded
Direct3D:
    Version:  Direct3D 11.0 [level 11.1]
    Renderer: NVIDIA GeForce RTX 3070 (ID=0x2484)
    Vendor:   NVIDIA
    VRAM:     8018 MB
    Driver:   32.0.15.9579
Initialize mono
Mono path[0] = 'D:/経営シミュ/6000.2.7f2/Editor/Data/Managed'
Mono path[1] = 'D:/経営シミュ/6000.2.7f2/Editor/Data/MonoBleedingEdge/lib/mono/unityjit-win32'
Mono config path = 'D:/経営シミュ/6000.2.7f2/Editor/Data/MonoBleedingEdge/etc'
Using monoOptions --debugger-agent=transport=dt_socket,embedding=1,server=y,suspend=n,address=127.0.0.1:56176
Begin MonoManager ReloadAssembly
Registering precompiled unity dll's ...
Register platform support module: D:/経営シミュ/6000.2.7f2/Editor/Data/PlaybackEngines/WebGLSupport/UnityEditor.WebGL.Extensions.dll
Register platform support module: D:/経営シミュ/6000.2.7f2/Editor/Data/PlaybackEngines/WindowsStandaloneSupport/UnityEditor.WindowsStandalone.Extensions.dll
Registered in 0.003689 seconds.
- Loaded All Assemblies, in  0.826 seconds
Native extension for WindowsStandalone target not found
Native extension for WebGL target not found
Mono: successfully reloaded assembly
- Finished resetting the current domain, in  0.639 seconds
Domain Reload Profiling: 1463ms
	BeginReloadAssembly (262ms)
		ExecutionOrderSort (0ms)
		DisableScriptedObjects (0ms)
		BackupInstance (0ms)
		ReleaseScriptingObjects (0ms)
		CreateAndSetChildDomain (1ms)
	RebuildCommonClasses (80ms)
	RebuildNativeTypeToScriptingClass (29ms)
	initialDomainReloadingComplete (95ms)
	LoadAllAssembliesAndSetupDomain (357ms)
		LoadAssemblies (260ms)
		RebuildTransferFunctionScriptingTraits (0ms)
		AnalyzeDomain (351ms)
			TypeCache.Refresh (348ms)
				TypeCache.ScanAssembly (320ms)
			BuildScriptInfoCaches (0ms)
			ResolveRequiredComponents (1ms)
	FinalizeReload (640ms)
		ReleaseScriptCaches (0ms)
		RebuildScriptCaches (0ms)
		SetupLoadedEditorAssemblies (568ms)
			LogAssemblyErrors (0ms)
			InitializePlatformSupportModulesInManaged (92ms)
			SetLoadedEditorAssemblies (5ms)
			BeforeProcessingInitializeOnLoad (129ms)
			ProcessInitializeOnLoadAttributes (239ms)
			ProcessInitializeOnLoadMethodAttributes (103ms)
			AfterProcessingInitializeOnLoad (0ms)
			EditorAssembliesLoaded (0ms)
		ExecutionOrderSort2 (0ms)
		AwakeInstancesAfterBackupRestoration (0ms)
========================================================================
Worker process is ready to serve import requests
Import Worker Mode flag is 0x00
Begin MonoManager ReloadAssembly
[Licensing::Client] Successfully resolved entitlement details
[Licensing::Module] License group:
  Id: F4-YU95-T5E2-2UQS-NB9J-XXXX
  Product: Unity Personal
  Type: ULF
  Expiration: Unlimited
[Licensing::Module] License group:
  Id: 15669246814905-UnityPersXXXX
  Product: Unity Personal
  Type: Assigned
  Expiration: Unlimited
- Loaded All Assemblies, in  0.464 seconds
Refreshing native plugins compatible for Editor in 0.00 ms, found 0 plugins.
Native extension for WindowsStandalone target not found
Native extension for WebGL target not found
Mono: successfully reloaded assembly
- Finished resetting the current domain, in  0.641 seconds
Domain Reload Profiling: 1105ms
	BeginReloadAssembly (333ms)
		ExecutionOrderSort (0ms)
		DisableScriptedObjects (10ms)
		BackupInstance (0ms)
		ReleaseScriptingObjects (0ms)
		CreateAndSetChildDomain (59ms)
	RebuildCommonClasses (52ms)
	RebuildNativeTypeToScriptingClass (24ms)
	initialDomainReloadingComplete (33ms)
	LoadAllAssembliesAndSetupDomain (21ms)
		LoadAssemblies (187ms)
		RebuildTransferFunctionScriptingTraits (0ms)
		AnalyzeDomain (15ms)
			TypeCache.Refresh (8ms)
				TypeCache.ScanAssembly (3ms)
			BuildScriptInfoCaches (2ms)
			ResolveRequiredComponents (1ms)
	FinalizeReload (642ms)
		ReleaseScriptCaches (0ms)
		RebuildScriptCaches (0ms)
		SetupLoadedEditorAssemblies (457ms)
			LogAssemblyErrors (0ms)
			InitializePlatformSupportModulesInManaged (3ms)
			SetLoadedEditorAssemblies (5ms)
			BeforeProcessingInitializeOnLoad (153ms)
			ProcessInitializeOnLoadAttributes (234ms)
			ProcessInitializeOnLoadMethodAttributes (54ms)
			AfterProcessingInitializeOnLoad (7ms)
			EditorAssembliesLoaded (0ms)
		ExecutionOrderSort2 (0ms)
		AwakeInstancesAfterBackupRestoration (15ms)
Launched and connected shader compiler UnityShaderCompiler.exe after 0.03 seconds
Refreshing native plugins compatible for Editor in 0.00 ms, found 0 plugins.
Preloading 0 native plugins for Editor in 0.00 ms.
Unloading 0 Unused Serialized files (Serialized files now loaded: 0)
Unloading 157 unused Assets / (29.3 KB). Loaded Objects now: 677.
Memory consumption went from 62.9 MB to 62.9 MB.
Total: 7.020200 ms (FindLiveObjects: 0.091300 ms CreateObjectMapping: 0.018600 ms MarkObjects: 6.712000 ms  DeleteObjects: 0.196700 ms)

========================================================================
Received Import Request.
  Time since last request: 382694.828188 seconds.
  path: Assets/洗い場.prefab
  artifactKey: Guid(ef52d9e732aace9418f3e9190455bed2) Importer(815301076,1909f56bfc062723c751e8b465ee728b)
Start importing Assets/洗い場.prefab using Guid(ef52d9e732aace9418f3e9190455bed2) Importer(815301076,1909f56bfc062723c751e8b465ee728b) (PreviewImporter) -> (artifact id: 'd2b9a0000ab4079ed68fbe8fecc3c9ef') in 0.2066184 seconds
Number of updated asset objects reloaded before import = 0Number of asset objects unloaded after import = 69

========================================================================
Received Import Request.
  Time since last request: 39.290208 seconds.
  path: Assets/Scenes/Image.prefab
  artifactKey: Guid(3c57a36a02ee4f9449ba3333ac9f4975) Importer(815301076,1909f56bfc062723c751e8b465ee728b)
Start importing Assets/Scenes/Image.prefab using Guid(3c57a36a02ee4f9449ba3333ac9f4975) Importer(815301076,1909f56bfc062723c751e8b465ee728b) (PreviewImporter) -> (artifact id: 'b4d0f77ae788fa5e860b28b52017d769') in 0.001935 seconds
Number of updated asset objects reloaded before import = 0Number of asset objects unloaded after import = 7

========================================================================
Received Import Request.
  Time since last request: 0.013856 seconds.
  path: Assets/Scenes/矢印改.prefab
  artifactKey: Guid(ebd22e23ea8172d48be2f20720fbe4a8) Importer(815301076,1909f56bfc062723c751e8b465ee728b)
Start importing Assets/Scenes/矢印改.prefab using Guid(ebd22e23ea8172d48be2f20720fbe4a8) Importer(815301076,1909f56bfc062723c751e8b465ee728b) (PreviewImporter) -> (artifact id: 'e5fac46c825b836a43c5184a3ec1c33f') in 0.2228426 seconds
Number of updated asset objects reloaded before import = 0Number of asset objects unloaded after import = 27

========================================================================
Received Import Request.
  Time since last request: 25.262512 seconds.
  path: Assets/Scenes/free.unity
  artifactKey: Guid(a9be1343936fdb84ca5c4406a239be14) Importer(815301076,1909f56bfc062723c751e8b465ee728b)
Start importing Assets/Scenes/free.unity using Guid(a9be1343936fdb84ca5c4406a239be14) Importer(815301076,1909f56bfc062723c751e8b465ee728b) (PreviewImporter) -> (artifact id: '7af4a196539086ceef9d7bfc7111980f') in 0.0005641 seconds
Number of updated asset objects reloaded before import = 0Number of asset objects unloaded after import = 0

========================================================================
Received Import Request.
  Time since last request: 0.633702 seconds.
  path: Assets/Scenes/Complete.unity
  artifactKey: Guid(b84703e2959b11b42aa50d659f84497e) Importer(815301076,1909f56bfc062723c751e8b465ee728b)
Start importing Assets/Scenes/Complete.unity using Guid(b84703e2959b11b42aa50d659f84497e) Importer(815301076,1909f56bfc062723c751e8b465ee728b) (PreviewImporter) -> (artifact id: '28aa9fd75374e144f245d31148ef5eb7') in 0.0005166 seconds
Number of updated asset objects reloaded before import = 0Number of asset objects unloaded after import = 0

========================================================================
Received Import Request.
  Time since last request: 13.641863 seconds.
  path: Assets/Scenes/result.unity
  artifactKey: Guid(7d435b0aaf7f72d42bc575bdd2be213a) Importer(815301076,1909f56bfc062723c751e8b465ee728b)
Start importing Assets/Scenes/result.unity using Guid(7d435b0aaf7f72d42bc575bdd2be213a) Importer(815301076,1909f56bfc062723c751e8b465ee728b) (PreviewImporter) -> (artifact id: '46b10d294d71d9aa1b7420320e07763b') in 0.0011571 seconds
Number of updated asset objects reloaded before import = 0Number of asset objects unloaded after import = 0

========================================================================
Received Import Request.
  Time since last request: 0.573979 seconds.
  path: Assets/Scenes/Shop.unity
  artifactKey: Guid(ae9c3f45a3d448c49b69c59606a54f1e) Importer(815301076,1909f56bfc062723c751e8b465ee728b)
Start importing Assets/Scenes/Shop.unity using Guid(ae9c3f45a3d448c49b69c59606a54f1e) Importer(815301076,1909f56bfc062723c751e8b465ee728b) (PreviewImporter) -> (artifact id: '25c7abee678432501717bebab907c040') in 0.000586 seconds
Number of updated asset objects reloaded before import = 0Number of asset objects unloaded after import = 0

========================================================================
Received Import Request.
  Time since last request: 51.859197 seconds.
  path: Assets/Scripts/ArtifactDatabase.asset
  artifactKey: Guid(6d5ae3e60fa7ad54b9b332855a720633) Importer(815301076,1909f56bfc062723c751e8b465ee728b)
Start importing Assets/Scripts/ArtifactDatabase.asset using Guid(6d5ae3e60fa7ad54b9b332855a720633) Importer(815301076,1909f56bfc062723c751e8b465ee728b) (PreviewImporter) -> (artifact id: '2fea8112a80a6132847354a48200ae95') in 0.0011553 seconds
Number of updated asset objects reloaded before import = 0Number of asset objects unloaded after import = 1

========================================================================
Received Import Request.
  Time since last request: 0.002204 seconds.
  path: Assets/Scripts/ItemDatabase.asset
  artifactKey: Guid(77b81d8d22a8a4c4bb1a539926501bb2) Importer(815301076,1909f56bfc062723c751e8b465ee728b)
Start importing Assets/Scripts/ItemDatabase.asset using Guid(77b81d8d22a8a4c4bb1a539926501bb2) Importer(815301076,1909f56bfc062723c751e8b465ee728b) (PreviewImporter) -> (artifact id: '49d9a8f9a9aaf79cc013db0dc6b188b4') in 0.0012632 seconds
Number of updated asset objects reloaded before import = 0Number of asset objects unloaded after import = 1

========================================================================
Received Import Request.
  Time since last request: 0.047413 seconds.
  path: Assets/Scripts/RecipeDatabase.asset
  artifactKey: Guid(b15c0bd54b601d34e931eb0fd17c6d8a) Importer(815301076,1909f56bfc062723c751e8b465ee728b)
Start importing Assets/Scripts/RecipeDatabase.asset using Guid(b15c0bd54b601d34e931eb0fd17c6d8a) Importer(815301076,1909f56bfc062723c751e8b465ee728b) (PreviewImporter) -> (artifact id: 'd18e1f738abd0aafb173a8f5c5f33014') in 0.0013919 seconds
Number of updated asset objects reloaded before import = 0Number of asset objects unloaded after import = 1

========================================================================
Received Import Request.
  Time since last request: 35.392905 seconds.
  path: Assets/Scripts/tutorial2.asset
  artifactKey: Guid(755664cb900202948a204ae8440ccda1) Importer(815301076,1909f56bfc062723c751e8b465ee728b)
Start importing Assets/Scripts/tutorial2.asset using Guid(755664cb900202948a204ae8440ccda1) Importer(815301076,1909f56bfc062723c751e8b465ee728b) (PreviewImporter) -> (artifact id: '5306871bc96608775ea4cf339a56aabb') in 0.0009799 seconds
Number of updated asset objects reloaded before import = 0Number of asset objects unloaded after import = 1

========================================================================
Received Import Request.
  Time since last request: 0.000313 seconds.
  path: Assets/Scripts/WeaponRecipeDatabase.asset
  artifactKey: Guid(5ec72eacf2d5c0646a3229248aec511b) Importer(815301076,1909f56bfc062723c751e8b465ee728b)
Start importing Assets/Scripts/WeaponRecipeDatabase.asset using Guid(5ec72eacf2d5c0646a3229248aec511b) Importer(815301076,1909f56bfc062723c751e8b465ee728b) (PreviewImporter) -> (artifact id: 'a119660c0bae52ab26b5205f5c02fcf7') in 0.0008408 seconds
Number of updated asset objects reloaded before import = 0Number of asset objects unloaded after import = 1

========================================================================
Received Import Request.
  Time since last request: 1.187638 seconds.
  path: Assets/Scripts/RecipeItemHover.cs
  artifactKey: Guid(8a58a361b58785647bb8f338f84417e8) Importer(815301076,1909f56bfc062723c751e8b465ee728b)
Start importing Assets/Scripts/RecipeItemHover.cs using Guid(8a58a361b58785647bb8f338f84417e8) Importer(815301076,1909f56bfc062723c751e8b465ee728b) (PreviewImporter) -> (artifact id: '64c5a2cff2905eed156ffdefef1908b4') in 0.0005777 seconds
Number of updated asset objects reloaded before import = 0Number of asset objects unloaded after import = 0

========================================================================
Received Import Request.
  Time since last request: 28.434642 seconds.
  path: Assets/Scripts/RecipeStation.cs
  artifactKey: Guid(4f3f2e17cd123e94f9b69bd54240a9fd) Importer(815301076,1909f56bfc062723c751e8b465ee728b)
Start importing Assets/Scripts/RecipeStation.cs using Guid(4f3f2e17cd123e94f9b69bd54240a9fd) Importer(815301076,1909f56bfc062723c751e8b465ee728b) (PreviewImporter) -> (artifact id: 'e5bf5a130b47bc77213cec56aac95757') in 0.0006 seconds
Number of updated asset objects reloaded before import = 0Number of asset objects unloaded after import = 0

========================================================================
Received Import Request.
  Time since last request: 6.034534 seconds.
  path: Assets/Scripts/RecipeDisplayManager.cs
  artifactKey: Guid(8dbf89f0622058247b4c7435c421d308) Importer(815301076,1909f56bfc062723c751e8b465ee728b)
Start importing Assets/Scripts/RecipeDisplayManager.cs using Guid(8dbf89f0622058247b4c7435c421d308) Importer(815301076,1909f56bfc062723c751e8b465ee728b) (PreviewImporter) -> (artifact id: 'b5d2e8122d5518056f9cf9bb9aa08ec8') in 0.0007685 seconds
Number of updated asset objects reloaded before import = 0Number of asset objects unloaded after import = 0

========================================================================
Received Import Request.
  Time since last request: 6.729252 seconds.
  path: Assets/Scripts/RecipeDatabase.cs
  artifactKey: Guid(216da7b0e4e84fb4fa54fa5da4027592) Importer(815301076,1909f56bfc062723c751e8b465ee728b)
Start importing Assets/Scripts/RecipeDatabase.cs using Guid(216da7b0e4e84fb4fa54fa5da4027592) Importer(815301076,1909f56bfc062723c751e8b465ee728b) (PreviewImporter) -> (artifact id: 'b1532a59b0acbf9115d1f71e21e337bb') in 0.0005619 seconds
Number of updated asset objects reloaded before import = 0Number of asset objects unloaded after import = 0

========================================================================
Received Import Request.
  Time since last request: 0.821125 seconds.
  path: Assets/Scripts/RecipeData.cs
  artifactKey: Guid(1d545c5357e5a5e4380394da5c760b43) Importer(815301076,1909f56bfc062723c751e8b465ee728b)
Start importing Assets/Scripts/RecipeData.cs using Guid(1d545c5357e5a5e4380394da5c760b43) Importer(815301076,1909f56bfc062723c751e8b465ee728b) (PreviewImporter) -> (artifact id: 'be83a4dd30195dfeecf2f91b35329e5c') in 0.0006474 seconds
Number of updated asset objects reloaded before import = 0Number of asset objects unloaded after import = 0

========================================================================
Received Import Request.
  Time since last request: 0.345717 seconds.
  path: Assets/Scripts/QuitGameButton.cs
  artifactKey: Guid(affe59536ca1c874bbc39c082bb6b818) Importer(815301076,1909f56bfc062723c751e8b465ee728b)
Start importing Assets/Scripts/QuitGameButton.cs using Guid(affe59536ca1c874bbc39c082bb6b818) Importer(815301076,1909f56bfc062723c751e8b465ee728b) (PreviewImporter) -> (artifact id: 'e9d3b9c55c83be7765a1054666f104c7') in 0.0005376 seconds
Number of updated asset objects reloaded before import = 0Number of asset objects unloaded after import = 0

========================================================================
Received Import Request.
  Time since last request: 1.767643 seconds.
  path: Assets/Scripts/ArtifactDatabase.cs
  artifactKey: Guid(41adb44adede6384785f46d7810f3c49) Importer(815301076,1909f56bfc062723c751e8b465ee728b)
Start importing Assets/Scripts/ArtifactDatabase.cs using Guid(41adb44adede6384785f46d7810f3c49) Importer(815301076,1909f56bfc062723c751e8b465ee728b) (PreviewImporter) -> (artifact id: '8df9a1149b8869dabce063c485058e6f') in 0.0004823 seconds
Number of updated asset objects reloaded before import = 0Number of asset objects unloaded after import = 0

========================================================================
Received Import Request.
  Time since last request: 0.828807 seconds.
  path: Assets/Scripts/ArtifactManager.cs
  artifactKey: Guid(13c965436e771c645a69759a684b1f04) Importer(815301076,1909f56bfc062723c751e8b465ee728b)
Start importing Assets/Scripts/ArtifactManager.cs using Guid(13c965436e771c645a69759a684b1f04) Importer(815301076,1909f56bfc062723c751e8b465ee728b) (PreviewImporter) -> (artifact id: 'af843f34d26f5cf2a5534a68cfa24447') in 0.000515 seconds
Number of updated asset objects reloaded before import = 0Number of asset objects unloaded after import = 0

========================================================================
Received Import Request.
  Time since last request: 5.540914 seconds.
  path: Assets/Scripts/backtitle.cs
  artifactKey: Guid(953f5aa98fa15054d9dc06e0eb94a26e) Importer(815301076,1909f56bfc062723c751e8b465ee728b)
Start importing Assets/Scripts/backtitle.cs using Guid(953f5aa98fa15054d9dc06e0eb94a26e) Importer(815301076,1909f56bfc062723c751e8b465ee728b) (PreviewImporter) -> (artifact id: 'c579f1e987148fbd8774fe97c4dcd317') in 0.0004968 seconds
Number of updated asset objects reloaded before import = 0Number of asset objects unloaded after import = 0

========================================================================
Received Import Request.
  Time since last request: 0.653475 seconds.
  path: Assets/Scripts/BaffItemData.cs
  artifactKey: Guid(eb8c58d17a0b3cf47a3b2804f727de77) Importer(815301076,1909f56bfc062723c751e8b465ee728b)
Start importing Assets/Scripts/BaffItemData.cs using Guid(eb8c58d17a0b3cf47a3b2804f727de77) Importer(815301076,1909f56bfc062723c751e8b465ee728b) (PreviewImporter) -> (artifact id: 'f1c3af56ec9f1b64fffe9bf08d43eda6') in 0.0007164 seconds
Number of updated asset objects reloaded before import = 0Number of asset objects unloaded after import = 0

========================================================================
Received Import Request.
  Time since last request: 0.805027 seconds.
  path: Assets/Scripts/BaffItemDatabase.cs
  artifactKey: Guid(c048c3fcb849d59418033670fcf268cf) Importer(815301076,1909f56bfc062723c751e8b465ee728b)
Start importing Assets/Scripts/BaffItemDatabase.cs using Guid(c048c3fcb849d59418033670fcf268cf) Importer(815301076,1909f56bfc062723c751e8b465ee728b) (PreviewImporter) -> (artifact id: 'f572f0bd1231b6002ac42351b53686c4') in 0.0005023 seconds
Number of updated asset objects reloaded before import = 0Number of asset objects unloaded after import = 0

========================================================================
Received Import Request.
  Time since last request: 69.789035 seconds.
  path: Assets/Prefab/カラス.prefab
  artifactKey: Guid(28a323cbb9fe86e49a378a6275c43220) Importer(815301076,1909f56bfc062723c751e8b465ee728b)
Start importing Assets/Prefab/カラス.prefab using Guid(28a323cbb9fe86e49a378a6275c43220) Importer(815301076,1909f56bfc062723c751e8b465ee728b) (PreviewImporter) -> (artifact id: '05a6b6df52532fef9af5804962967b97') in 0.0403049 seconds
Number of updated asset objects reloaded before import = 0Number of asset objects unloaded after import = 15

========================================================================
Received Import Request.
  Time since last request: 0.000054 seconds.
  path: Assets/Prefab/矢印.prefab
  artifactKey: Guid(6d89c6d800b5bcd46baf92d41426e2fe) Importer(815301076,1909f56bfc062723c751e8b465ee728b)
Start importing Assets/Prefab/矢印.prefab using Guid(6d89c6d800b5bcd46baf92d41426e2fe) Importer(815301076,1909f56bfc062723c751e8b465ee728b) (PreviewImporter) -> (artifact id: '80e58aa5376a6b4e55838688260e7752') in 0.0243768 seconds
Number of updated asset objects reloaded before import = 0Number of asset objects unloaded after import = 28

========================================================================
Received Import Request.
  Time since last request: 1.941892 seconds.
  path: Assets/Prefab/BaffItem
  artifactKey: Guid(1959d3fd1290b2e439ed4f108f195159) Importer(815301076,1909f56bfc062723c751e8b465ee728b)
Start importing Assets/Prefab/BaffItem using Guid(1959d3fd1290b2e439ed4f108f195159) Importer(815301076,1909f56bfc062723c751e8b465ee728b) (PreviewImporter) -> (artifact id: '0ccc52459433654776bf5226f49bf8d3') in 0.0006319 seconds
Number of updated asset objects reloaded before import = 0Number of asset objects unloaded after import = 0

========================================================================
Received Import Request.
  Time since last request: 0.050509 seconds.
  path: Assets/Prefab/BaffItem/BaffItem.asset
  artifactKey: Guid(d6934ff4556b4aa4daf39782d85d805f) Importer(815301076,1909f56bfc062723c751e8b465ee728b)
Start importing Assets/Prefab/BaffItem/BaffItem.asset using Guid(d6934ff4556b4aa4daf39782d85d805f) Importer(815301076,1909f56bfc062723c751e8b465ee728b) (PreviewImporter) -> (artifact id: '05ff31deefb6431e5aaf90ca52fee039') in 0.0009719 seconds
Number of updated asset objects reloaded before import = 0Number of asset objects unloaded after import = 1

========================================================================
Received Import Request.
  Time since last request: 0.000019 seconds.
  path: Assets/Prefab/BaffItem/BaffItem 3.asset
  artifactKey: Guid(75dd9b70c4176dd4d89162fd915d8725) Importer(815301076,1909f56bfc062723c751e8b465ee728b)
Start importing Assets/Prefab/BaffItem/BaffItem 3.asset using Guid(75dd9b70c4176dd4d89162fd915d8725) Importer(815301076,1909f56bfc062723c751e8b465ee728b) (PreviewImporter) -> (artifact id: '5beb13838f9a4878ba0498af507e6a1d') in 0.0008487 seconds
Number of updated asset objects reloaded before import = 0Number of asset objects unloaded after import = 1

========================================================================
Received Import Request.
  Time since last request: 0.010059 seconds.
  path: Assets/Prefab/BaffItem/BaffItem 5.asset
  artifactKey: Guid(98ddbc9d7ff47e648847463ab00a96cd) Importer(815301076,1909f56bfc062723c751e8b465ee728b)
Start importing Assets/Prefab/BaffItem/BaffItem 5.asset using Guid(98ddbc9d7ff47e648847463ab00a96cd) Importer(815301076,1909f56bfc062723c751e8b465ee728b) (PreviewImporter) -> (artifact id: 'defdcd8389299dbbdf36355bc85447b9') in 0.0011066 seconds
Number of updated asset objects reloaded before import = 0Number of asset objects unloaded after import = 1

========================================================================
Received Import Request.
  Time since last request: 0.010182 seconds.
  path: Assets/Prefab/BaffItem/Item (3).prefab
  artifactKey: Guid(c9369a3cbc1cb76429a4acba6bb33e94) Importer(815301076,1909f56bfc062723c751e8b465ee728b)
Start importing Assets/Prefab/BaffItem/Item (3).prefab using Guid(c9369a3cbc1cb76429a4acba6bb33e94) Importer(815301076,1909f56bfc062723c751e8b465ee728b) (PreviewImporter) -> (artifact id: 'b13f96e2f1fead4518c021683154a229') in 0.0018529 seconds
Number of updated asset objects reloaded before import = 0Number of asset objects unloaded after import = 7

========================================================================
Received Import Request.
  Time since last request: 0.000105 seconds.
  path: Assets/Prefab/BaffItem/Item (2).prefab
  artifactKey: Guid(97f397b0a7c532c48b26cbe02d3e7b04) Importer(815301076,1909f56bfc062723c751e8b465ee728b)
Start importing Assets/Prefab/BaffItem/Item (2).prefab using Guid(97f397b0a7c532c48b26cbe02d3e7b04) Importer(815301076,1909f56bfc062723c751e8b465ee728b) (PreviewImporter) -> (artifact id: '30c13d27191c14738c4db18ccd17982d') in 0.0018286 seconds
Number of updated asset objects reloaded before import = 0Number of asset objects unloaded after import = 7

========================================================================
Received Import Request.
  Time since last request: 0.000021 seconds.
  path: Assets/Prefab/BaffItem/BaffItem 4.asset
  artifactKey: Guid(7430427b03e0d2b44b063710b5f27158) Importer(815301076,1909f56bfc062723c751e8b465ee728b)
Start importing Assets/Prefab/BaffItem/BaffItem 4.asset using Guid(7430427b03e0d2b44b063710b5f27158) Importer(815301076,1909f56bfc062723c751e8b465ee728b) (PreviewImporter) -> (artifact id: '64b4f1f85d65566e9f8f5ac0a2b0d219') in 0.0013952 seconds
Number of updated asset objects reloaded before import = 0Number of asset objects unloaded after import = 1

Editor requested this worker to shutdown with reason: Scaling down because of idle timeout
AssetImportWorker is now disconnected from the server
Process exiting
Exiting without the bug reporter. Application will terminate with return code 0