[Licensing::Module] Trying to connect to existing licensing client channel...
Built from '6000.2/respin/6000.2.7f1-2eb0c79396db' branch; Version is '6000.2.7f2 (2b518236b676) revision 2838914'; Using compiler version '194234433'; Build Type 'Release'
[Licensing::IpcConnector] Successfully connected to: "LicenseClient-moris" at "2026-05-20T15:43:55.4183839Z"
OS: 'Windows 11  (10.0.26200) 64bit Core' Language: 'ja' Physical Memory: 65373 MB
BatchMode: 1, IsHumanControllingUs: 0, StartBugReporterOnCrash: 0, Is64bit: 1
Date: 2026-05-20T15:43:55Z

COMMAND LINE ARGUMENTS:
D:\経営シミュ\6000.2.7f2\Editor\Unity.exe
-adb2
-batchMode
-noUpm
-name
AssetImportWorker1
-projectPath
D:/経営シミュ/GitHub/MIS_Repository
-logFile
Logs/AssetImportWorker1.log
-srvPort
53944
-job-worker-count
7
-background-job-worker-count
8
-gc-helper-count
1
-name
AssetImport
Successfully changed project path to: D:/経営シミュ/GitHub/MIS_Repository
D:/経営シミュ/GitHub/MIS_Repository
[UnityMemory] Configuration Parameters - Can be set up in boot.config
    "memorysetup-allocator-temp-initial-block-size-main=262144"
    "memorysetup-allocator-temp-initial-block-size-worker=262144"
    "memorysetup-bucket-allocator-granularity=16"
    "memorysetup-bucket-allocator-bucket-count=8"
    "memorysetup-bucket-allocator-block-size=33554432"
    "memorysetup-bucket-allocator-block-count=8"
    "memorysetup-main-allocator-block-size=16777216"
    "memorysetup-thread-allocator-block-size=16777216"
    "memorysetup-gfx-main-allocator-block-size=16777216"
    "memorysetup-gfx-thread-allocator-block-size=16777216"
    "memorysetup-cache-allocator-block-size=4194304"
    "memorysetup-typetree-allocator-block-size=2097152"
    "memorysetup-profiler-bucket-allocator-granularity=16"
    "memorysetup-profiler-bucket-allocator-bucket-count=8"
    "memorysetup-profiler-bucket-allocator-block-size=33554432"
    "memorysetup-profiler-bucket-allocator-block-count=8"
    "memorysetup-profiler-allocator-block-size=16777216"
    "memorysetup-profiler-editor-allocator-block-size=1048576"
    "memorysetup-temp-allocator-size-main=16777216"
    "memorysetup-job-temp-allocator-block-size=2097152"
    "memorysetup-job-temp-allocator-block-size-background=1048576"
    "memorysetup-job-temp-allocator-reduction-small-platforms=262144"
    "memorysetup-temp-allocator-size-background-worker=32768"
    "memorysetup-temp-allocator-size-job-worker=262144"
    "memorysetup-temp-allocator-size-preload-manager=33554432"
    "memorysetup-temp-allocator-size-nav-mesh-worker=65536"
    "memorysetup-temp-allocator-size-audio-worker=65536"
    "memorysetup-temp-allocator-size-cloud-worker=32768"
    "memorysetup-temp-allocator-size-gi-baking-worker=262144"
    "memorysetup-temp-allocator-size-gi-baking-worker=262144"
    "memorysetup-temp-allocator-size-gi-baking-worker=262144"
    "memorysetup-temp-allocator-size-gi-baking-worker=262144"
    "memorysetup-temp-allocator-size-gi-baking-worker=262144"
    "memorysetup-temp-allocator-size-gfx=262144"
Player connection [36056]  Target information:

Player connection [36056]  * "[IP] 192.168.0.59 [Port] 0 [Flags] 2 [Guid] 2921597389 [EditorId] 2921597389 [Version] 1048832 [Id] WindowsEditor(7,DESKTOP-SUQIS49) [Debug] 1 [PackageName] WindowsEditor [ProjectName] Editor" 

Player connection [36056] Host joined multi-casting on [225.0.0.222:54997]...
Player connection [36056] Host joined alternative multi-casting on [225.0.0.222:34997]...
JobSystem: Creating JobQueue using job-worker-count value 7
Input System module state changed to: Initialized.
[Physics::Module] Initialized fallback backend.
[Physics::Module] Id: 0xdecafbad
[Licensing::Client] Code 10 while verifying Licensing Client signature (process Id: 34932, path: "D:/経営シミュ/6000.2.7f2/Editor/Data/Resources/Licensing/Client/Unity.Licensing.Client.exe")
[Licensing::Module] LicensingClient has failed validation; ignoring
[Licensing::Client] Handshaking with LicensingClient:
  Version:                 1.17.2+ff71f16
  Session Id:              631c6821ce564507ba5fd66674da91ae
  Correlation Id:          434385bdf14cf787fcbf175a1100f5e1
  External correlation Id: 6371868375775029755
  Machine Id:              RFOmPlA+sDzqkimQO28GYyIBqLs=
[Licensing::Module] Successfully connected to LicensingClient on channel: "LicenseClient-moris" (connect: 0.00s, validation: 0.00s, handshake: 0.10s)
[Licensing::IpcConnector] Successfully connected to: "LicenseClient-moris-notifications" at "2026-05-20T15:43:55.5216625Z"
[Licensing::Module] Licensing Background thread has ended after 0.10s
Library Redirect Path: Library/
[Physics::Module] Selected backend.
[Physics::Module] Name: PhysX
[Physics::Module] Id: 0xf2b8ea05
[Physics::Module] SDK Version: 4.1.2
[Physics::Module] Integration Version: 1.0.0
[Physics::Module] Threading Mode: Multi-Threaded
Refreshing native plugins compatible for Editor in 0.00 ms, found 0 plugins.
Preloading 0 native plugins for Editor in 0.00 ms.
Initialize engine version: 6000.2.7f2 (2b518236b676)
[Subsystems] Discovering subsystems at path D:/経営シミュ/6000.2.7f2/Editor/Data/Resources/UnitySubsystems
[Subsystems] Discovering subsystems at path D:/経営シミュ/GitHub/MIS_Repository/Assets
GfxDevice: creating device client; kGfxThreadingModeNonThreaded
Direct3D:
    Version:  Direct3D 11.0 [level 11.1]
    Renderer: NVIDIA GeForce RTX 3070 (ID=0x2484)
    Vendor:   NVIDIA
    VRAM:     8018 MB
    Driver:   32.0.15.9579
Initialize mono
Mono path[0] = 'D:/経営シミュ/6000.2.7f2/Editor/Data/Managed'
Mono path[1] = 'D:/経営シミュ/6000.2.7f2/Editor/Data/MonoBleedingEdge/lib/mono/unityjit-win32'
Mono config path = 'D:/経営シミュ/6000.2.7f2/Editor/Data/MonoBleedingEdge/etc'
Using monoOptions --debugger-agent=transport=dt_socket,embedding=1,server=y,suspend=n,address=127.0.0.1:56952
Begin MonoManager ReloadAssembly
Registering precompiled unity dll's ...
Register platform support module: D:/経営シミュ/6000.2.7f2/Editor/Data/PlaybackEngines/WebGLSupport/UnityEditor.WebGL.Extensions.dll
Register platform support module: D:/経営シミュ/6000.2.7f2/Editor/Data/PlaybackEngines/WindowsStandaloneSupport/UnityEditor.WindowsStandalone.Extensions.dll
Registered in 0.004002 seconds.
- Loaded All Assemblies, in  0.805 seconds
Native extension for WindowsStandalone target not found
Native extension for WebGL target not found
Mono: successfully reloaded assembly
- Finished resetting the current domain, in  0.642 seconds
Domain Reload Profiling: 1446ms
	BeginReloadAssembly (256ms)
		ExecutionOrderSort (0ms)
		DisableScriptedObjects (0ms)
		BackupInstance (0ms)
		ReleaseScriptingObjects (0ms)
		CreateAndSetChildDomain (1ms)
	RebuildCommonClasses (74ms)
	RebuildNativeTypeToScriptingClass (28ms)
	initialDomainReloadingComplete (101ms)
	LoadAllAssembliesAndSetupDomain (343ms)
		LoadAssemblies (255ms)
		RebuildTransferFunctionScriptingTraits (0ms)
		AnalyzeDomain (338ms)
			TypeCache.Refresh (335ms)
				TypeCache.ScanAssembly (308ms)
			BuildScriptInfoCaches (0ms)
			ResolveRequiredComponents (1ms)
	FinalizeReload (643ms)
		ReleaseScriptCaches (0ms)
		RebuildScriptCaches (0ms)
		SetupLoadedEditorAssemblies (575ms)
			LogAssemblyErrors (0ms)
			InitializePlatformSupportModulesInManaged (95ms)
			SetLoadedEditorAssemblies (5ms)
			BeforeProcessingInitializeOnLoad (135ms)
			ProcessInitializeOnLoadAttributes (238ms)
			ProcessInitializeOnLoadMethodAttributes (102ms)
			AfterProcessingInitializeOnLoad (0ms)
			EditorAssembliesLoaded (0ms)
		ExecutionOrderSort2 (0ms)
		AwakeInstancesAfterBackupRestoration (0ms)
========================================================================
Worker process is ready to serve import requests
Import Worker Mode flag is 0x00
Begin MonoManager ReloadAssembly
[Licensing::Client] Successfully resolved entitlement details
[Licensing::Module] License group:
  Id: F4-YU95-T5E2-2UQS-NB9J-XXXX
  Product: Unity Personal
  Type: ULF
  Expiration: Unlimited
[Licensing::Module] License group:
  Id: 15669246814905-UnityPersXXXX
  Product: Unity Personal
  Type: Assigned
  Expiration: Unlimited
- Loaded All Assemblies, in  0.484 seconds
Refreshing native plugins compatible for Editor in 0.00 ms, found 0 plugins.
Native extension for WindowsStandalone target not found
Native extension for WebGL target not found
Mono: successfully reloaded assembly
- Finished resetting the current domain, in  0.649 seconds
Domain Reload Profiling: 1132ms
	BeginReloadAssembly (315ms)
		ExecutionOrderSort (0ms)
		DisableScriptedObjects (11ms)
		BackupInstance (0ms)
		ReleaseScriptingObjects (0ms)
		CreateAndSetChildDomain (57ms)
	RebuildCommonClasses (84ms)
	RebuildNativeTypeToScriptingClass (26ms)
	initialDomainReloadingComplete (36ms)
	LoadAllAssembliesAndSetupDomain (20ms)
		LoadAssemblies (176ms)
		RebuildTransferFunctionScriptingTraits (0ms)
		AnalyzeDomain (14ms)
			TypeCache.Refresh (8ms)
				TypeCache.ScanAssembly (3ms)
			BuildScriptInfoCaches (2ms)
			ResolveRequiredComponents (1ms)
	FinalizeReload (650ms)
		ReleaseScriptCaches (0ms)
		RebuildScriptCaches (0ms)
		SetupLoadedEditorAssemblies (462ms)
			LogAssemblyErrors (0ms)
			InitializePlatformSupportModulesInManaged (3ms)
			SetLoadedEditorAssemblies (4ms)
			BeforeProcessingInitializeOnLoad (156ms)
			ProcessInitializeOnLoadAttributes (240ms)
			ProcessInitializeOnLoadMethodAttributes (52ms)
			AfterProcessingInitializeOnLoad (7ms)
			EditorAssembliesLoaded (0ms)
		ExecutionOrderSort2 (0ms)
		AwakeInstancesAfterBackupRestoration (16ms)
Launched and connected shader compiler UnityShaderCompiler.exe after 0.03 seconds
Refreshing native plugins compatible for Editor in 0.00 ms, found 0 plugins.
Preloading 0 native plugins for Editor in 0.00 ms.
Unloading 0 Unused Serialized files (Serialized files now loaded: 0)
Unloading 157 unused Assets / (29.4 KB). Loaded Objects now: 677.
Memory consumption went from 62.7 MB to 62.7 MB.
Total: 8.330600 ms (FindLiveObjects: 0.076700 ms CreateObjectMapping: 0.016900 ms MarkObjects: 7.998500 ms  DeleteObjects: 0.236700 ms)

========================================================================
Received Import Request.
  Time since last request: 382694.852643 seconds.
  path: Assets/light1.fbx
  artifactKey: Guid(2fdec90431d13414ea9c7b7b0e533985) Importer(815301076,1909f56bfc062723c751e8b465ee728b)
Start importing Assets/light1.fbx using Guid(2fdec90431d13414ea9c7b7b0e533985) Importer(815301076,1909f56bfc062723c751e8b465ee728b) (PreviewImporter) -> (artifact id: 'd19d58f4723ec5a5b11b22e3643e896d') in 0.5312508 seconds
Number of updated asset objects reloaded before import = 0Number of asset objects unloaded after import = 15

========================================================================
Received Import Request.
  Time since last request: 38.943771 seconds.
  path: Assets/Scenes/大釜.prefab
  artifactKey: Guid(692c07e0ef51c614eb62980e9764d228) Importer(815301076,1909f56bfc062723c751e8b465ee728b)
Start importing Assets/Scenes/大釜.prefab using Guid(692c07e0ef51c614eb62980e9764d228) Importer(815301076,1909f56bfc062723c751e8b465ee728b) (PreviewImporter) -> (artifact id: '8d8d25dc849ff1ade350cd669653031b') in 0.0208728 seconds
Number of updated asset objects reloaded before import = 0Number of asset objects unloaded after import = 34

========================================================================
Received Import Request.
  Time since last request: 0.000730 seconds.
  path: Assets/Scenes/部屋（真打4）.prefab
  artifactKey: Guid(b9d7da762ab78a44e8a2eef0453f253b) Importer(815301076,1909f56bfc062723c751e8b465ee728b)
Start importing Assets/Scenes/部屋（真打4）.prefab using Guid(b9d7da762ab78a44e8a2eef0453f253b) Importer(815301076,1909f56bfc062723c751e8b465ee728b) (PreviewImporter) -> (artifact id: '6cc935d8f41828e0ca5c28d9b41a06d8') in 0.6867139 seconds
Number of updated asset objects reloaded before import = 0Number of asset objects unloaded after import = 932

========================================================================
Received Import Request.
  Time since last request: 91.496907 seconds.
  path: Assets/Scripts/BaffItemDatabase.asset
  artifactKey: Guid(b9e307d28efdd0c43803a5fdefff2e01) Importer(815301076,1909f56bfc062723c751e8b465ee728b)
Start importing Assets/Scripts/BaffItemDatabase.asset using Guid(b9e307d28efdd0c43803a5fdefff2e01) Importer(815301076,1909f56bfc062723c751e8b465ee728b) (PreviewImporter) -> (artifact id: 'ba4641591a1c4674d2314db17999ffb8') in 0.0012666 seconds
Number of updated asset objects reloaded before import = 0Number of asset objects unloaded after import = 1

========================================================================
Received Import Request.
  Time since last request: 35.446849 seconds.
  path: Assets/Scripts/WashRecipeDatabase.asset
  artifactKey: Guid(4fe5f4c574ff5734eaca2f507bd13478) Importer(815301076,1909f56bfc062723c751e8b465ee728b)
Start importing Assets/Scripts/WashRecipeDatabase.asset using Guid(4fe5f4c574ff5734eaca2f507bd13478) Importer(815301076,1909f56bfc062723c751e8b465ee728b) (PreviewImporter) -> (artifact id: 'a65d3c940aa2722b98ed4378fce6b1c5') in 0.0011661 seconds
Number of updated asset objects reloaded before import = 0Number of asset objects unloaded after import = 1

========================================================================
Received Import Request.
  Time since last request: 0.000015 seconds.
  path: Assets/Scripts/仮インベントリスロット.png
  artifactKey: Guid(f5a5d3b115290144caf73bf01e905c3d) Importer(815301076,1909f56bfc062723c751e8b465ee728b)
Start importing Assets/Scripts/仮インベントリスロット.png using Guid(f5a5d3b115290144caf73bf01e905c3d) Importer(815301076,1909f56bfc062723c751e8b465ee728b) (PreviewImporter) -> (artifact id: 'cc5977e37b6c184aec416389eba7a523') in 0.0432102 seconds
Number of updated asset objects reloaded before import = 0Number of asset objects unloaded after import = 3

========================================================================
Received Import Request.
  Time since last request: 122.907948 seconds.
  path: Assets/Prefab/棚ver3.prefab
  artifactKey: Guid(9b5083a46fa407c498bdd0e41b467022) Importer(815301076,1909f56bfc062723c751e8b465ee728b)
Start importing Assets/Prefab/棚ver3.prefab using Guid(9b5083a46fa407c498bdd0e41b467022) Importer(815301076,1909f56bfc062723c751e8b465ee728b) (PreviewImporter) -> (artifact id: 'befff0010bad163b8ca71c1a523333e9') in 0.0264998 seconds
Number of updated asset objects reloaded before import = 0Number of asset objects unloaded after import = 22

========================================================================
Received Import Request.
  Time since last request: 0.000031 seconds.
  path: Assets/Prefab/置くやつ.prefab
  artifactKey: Guid(c69f0f0e84529c841b0478de4ddb7d75) Importer(815301076,1909f56bfc062723c751e8b465ee728b)
Start importing Assets/Prefab/置くやつ.prefab using Guid(c69f0f0e84529c841b0478de4ddb7d75) Importer(815301076,1909f56bfc062723c751e8b465ee728b) (PreviewImporter) -> (artifact id: 'b68af0475dd4e50736e20b8659254a46') in 0.0213601 seconds
Number of updated asset objects reloaded before import = 0Number of asset objects unloaded after import = 35

========================================================================
Received Import Request.
  Time since last request: 2.010503 seconds.
  path: Assets/Prefab/BaffItem/BaffItem 1.asset
  artifactKey: Guid(b30e3e7931a4d614fa2598c871b192aa) Importer(815301076,1909f56bfc062723c751e8b465ee728b)
Start importing Assets/Prefab/BaffItem/BaffItem 1.asset using Guid(b30e3e7931a4d614fa2598c871b192aa) Importer(815301076,1909f56bfc062723c751e8b465ee728b) (PreviewImporter) -> (artifact id: '94d208a7ab347c55f9469986e8711d80') in 0.0008908 seconds
Number of updated asset objects reloaded before import = 0Number of asset objects unloaded after import = 1

========================================================================
Received Import Request.
  Time since last request: 0.000065 seconds.
  path: Assets/Prefab/BaffItem/BaffItem 2.asset
  artifactKey: Guid(6c1f629632d901d4c8539abe1b9c67a7) Importer(815301076,1909f56bfc062723c751e8b465ee728b)
Start importing Assets/Prefab/BaffItem/BaffItem 2.asset using Guid(6c1f629632d901d4c8539abe1b9c67a7) Importer(815301076,1909f56bfc062723c751e8b465ee728b) (PreviewImporter) -> (artifact id: '3bf7cfba5356ef9c6e6ae57b5cffe04b') in 0.0009511 seconds
Number of updated asset objects reloaded before import = 0Number of asset objects unloaded after import = 1

========================================================================
Received Import Request.
  Time since last request: 0.009732 seconds.
  path: Assets/Prefab/BaffItem/Item.prefab
  artifactKey: Guid(699950b9f15f9d8408caaa2282354d84) Importer(815301076,1909f56bfc062723c751e8b465ee728b)
Start importing Assets/Prefab/BaffItem/Item.prefab using Guid(699950b9f15f9d8408caaa2282354d84) Importer(815301076,1909f56bfc062723c751e8b465ee728b) (PreviewImporter) -> (artifact id: 'f73c969dc024d2fc9eec3bf2401711d4') in 0.0018249 seconds
Number of updated asset objects reloaded before import = 0Number of asset objects unloaded after import = 7

========================================================================
Received Import Request.
  Time since last request: 0.009309 seconds.
  path: Assets/Prefab/BaffItem/Item (1).prefab
  artifactKey: Guid(0ad4c6cfa575d5140bd49a6277929741) Importer(815301076,1909f56bfc062723c751e8b465ee728b)
Start importing Assets/Prefab/BaffItem/Item (1).prefab using Guid(0ad4c6cfa575d5140bd49a6277929741) Importer(815301076,1909f56bfc062723c751e8b465ee728b) (PreviewImporter) -> (artifact id: 'bc991a35da89700b6eea369007a3ba09') in 0.0018592 seconds
Number of updated asset objects reloaded before import = 0Number of asset objects unloaded after import = 7

========================================================================
Received Import Request.
  Time since last request: 0.000024 seconds.
  path: Assets/Prefab/BaffItem/Item (5).prefab
  artifactKey: Guid(587791ec71da66e49919692553ce6604) Importer(815301076,1909f56bfc062723c751e8b465ee728b)
Start importing Assets/Prefab/BaffItem/Item (5).prefab using Guid(587791ec71da66e49919692553ce6604) Importer(815301076,1909f56bfc062723c751e8b465ee728b) (PreviewImporter) -> (artifact id: '870578081f2d5bb38a10b60cd03b3120') in 0.0018528 seconds
Number of updated asset objects reloaded before import = 0Number of asset objects unloaded after import = 7

========================================================================
Received Import Request.
  Time since last request: 0.000052 seconds.
  path: Assets/Prefab/BaffItem/Item (4).prefab
  artifactKey: Guid(fc9ebdf41201c544796fb2633b70eca7) Importer(815301076,1909f56bfc062723c751e8b465ee728b)
Start importing Assets/Prefab/BaffItem/Item (4).prefab using Guid(fc9ebdf41201c544796fb2633b70eca7) Importer(815301076,1909f56bfc062723c751e8b465ee728b) (PreviewImporter) -> (artifact id: 'e768ea3f3a5c6f3f047834cd7ae9cc56') in 0.0024972 seconds
Number of updated asset objects reloaded before import = 0Number of asset objects unloaded after import = 7

Editor requested this worker to shutdown with reason: Scaling down because of idle timeout
AssetImportWorker is now disconnected from the server
Process exiting
Exiting without the bug reporter. Application will terminate with return code 0